#0 building with "desktop-linux" instance using docker driver

#1 [internal] load build definition from Dockerfile
#1 transferring dockerfile: 1.12kB done
#1 DONE 0.0s

#2 resolve image config for docker-image://docker.io/docker/dockerfile:1
#2 DONE 1.7s

#3 docker-image://docker.io/docker/dockerfile:1@sha256:4edf897a3ffa55b89f906fc8cc78afdb3f1834cc9c7083565e611a8a7d5fe99e
#3 resolve docker.io/docker/dockerfile:1@sha256:4edf897a3ffa55b89f906fc8cc78afdb3f1834cc9c7083565e611a8a7d5fe99e 0.0s done
#3 CACHED

#4 [internal] load metadata for docker.io/library/golang:1.22-alpine
#4 ...

#5 [internal] load metadata for gcr.io/distroless/static-debian12:nonroot
#5 DONE 0.7s

#4 [internal] load metadata for docker.io/library/golang:1.22-alpine
#4 DONE 1.6s

#6 [internal] load .dockerignore
#6 transferring context: 157B done
#6 DONE 0.0s

#7 [build 1/9] FROM docker.io/library/golang:1.22-alpine@sha256:1699c10032ca2582ec89a24a1312d986a3f094aed3d5c1147b19880afe40e052
#7 resolve docker.io/library/golang:1.22-alpine@sha256:1699c10032ca2582ec89a24a1312d986a3f094aed3d5c1147b19880afe40e052 done
#7 DONE 0.0s

#8 [stage-1 1/3] FROM gcr.io/distroless/static-debian12:nonroot@sha256:afa5c872c891853ca7fcf1f12c3edb23f7eeef36189728842dd51042ff57f7ab
#8 resolve gcr.io/distroless/static-debian12:nonroot@sha256:afa5c872c891853ca7fcf1f12c3edb23f7eeef36189728842dd51042ff57f7ab done
#8 DONE 0.0s

#9 [internal] load build context
#9 transferring context: 297.89kB 0.0s done
#9 DONE 0.0s

#10 [build 3/9] COPY go.mod go.sum ./
#10 CACHED

#11 [build 4/9] RUN go mod download
#11 CACHED

#12 [build 2/9] WORKDIR /src
#12 CACHED

#13 [build 5/9] COPY api ./api
#13 CACHED

#14 [build 6/9] COPY internal ./internal
#14 DONE 0.2s

#15 [build 7/9] COPY cmd/agenova-control-plane ./cmd/agenova-control-plane
#15 DONE 0.0s

#16 [build 8/9] RUN CGO_ENABLED=0 GOOS=linux go build -trimpath -ldflags="-s -w" -o /out/agenova-control-plane ./cmd/agenova-control-plane
#16 DONE 3.6s

#17 [build 9/9] RUN case "arm64" in       amd64) expected=629d3f410e09bf49b64ae7079f7f0bda1191efed311f7d37fdbab0ad5b0ec2b7 ;;       arm64) expected=59f7ee8e477fae658447607dc3c8790ac17a1b016c01c622c12070e969e2d4e7 ;;       *) echo "unsupported kubectl architecture: arm64" >&2; exit 1 ;;     esac &&     wget -q "https://dl.k8s.io/release/v1.36.1/bin/linux/arm64/kubectl" -O /out/kubectl &&     echo "${expected}  /out/kubectl" | sha256sum -c - && chmod +x /out/kubectl
#17 7.795 /out/kubectl: OK
#17 DONE 7.8s

#8 [stage-1 1/3] FROM gcr.io/distroless/static-debian12:nonroot@sha256:afa5c872c891853ca7fcf1f12c3edb23f7eeef36189728842dd51042ff57f7ab
#8 CACHED

#18 [stage-1 2/3] COPY --from=build /out/agenova-control-plane /agenova-control-plane
#18 DONE 0.0s

#19 [stage-1 3/3] COPY --from=build /out/kubectl /usr/local/bin/kubectl
#19 DONE 0.1s

#20 exporting to image
#20 exporting layers
#20 exporting layers 0.8s done
#20 exporting manifest sha256:2fc945bcfbf0e6dee3a4ab70c0167bcc8004a9283862c744d997fc0ab6511c7b done
#20 exporting config sha256:efa81bcc1afe22136e0ee92c00c3aaf71adf97cd3a868d121d7b5c20f220ea56 done
#20 exporting attestation manifest sha256:0849ba00b83b0c9c7a1d4d07305cbf5bdbd73fcbf257935894f0ce7805023c18 done
#20 exporting manifest list sha256:ecff8f2cb8c099add6c131a07e8ad1a0c4af9de63690a320d3496e537c7d9a82 done
#20 naming to docker.io/library/agenova-control-plane:0.1.0 done
#20 unpacking to docker.io/library/agenova-control-plane:0.1.0
#20 unpacking to docker.io/library/agenova-control-plane:0.1.0 0.5s done
#20 DONE 1.4s
