=== RUN   TestPostgresSQLIntegration
    sql_integration_test.go:45: image=postgres@sha256:74935e72241653ca55e0414067e6d8763aceb8a810eb51b452253ec3dcfc4336; server=18.6 (Debian 18.6-1.pgdg13+2); network=none; transport=container-local socket
=== RUN   TestPostgresSQLIntegration/administrative_roles_reject_readiness
=== RUN   TestPostgresSQLIntegration/administrative_roles_reject_readiness/SUPERUSER/memory_app
=== RUN   TestPostgresSQLIntegration/administrative_roles_reject_readiness/SUPERUSER/memory_inherited
    sql_integration_test.go:82: live readiness accepted an administrative role or ownership
=== RUN   TestPostgresSQLIntegration/administrative_roles_reject_readiness/BYPASSRLS/memory_app
=== RUN   TestPostgresSQLIntegration/administrative_roles_reject_readiness/BYPASSRLS/memory_inherited
    sql_integration_test.go:82: live readiness accepted an administrative role or ownership
=== RUN   TestPostgresSQLIntegration/administrative_roles_reject_readiness/CREATEROLE/memory_app
=== RUN   TestPostgresSQLIntegration/administrative_roles_reject_readiness/CREATEROLE/memory_inherited
    sql_integration_test.go:82: live readiness accepted an administrative role or ownership
=== RUN   TestPostgresSQLIntegration/administrative_roles_reject_readiness/CREATEDB/memory_app
=== RUN   TestPostgresSQLIntegration/administrative_roles_reject_readiness/CREATEDB/memory_inherited
    sql_integration_test.go:82: live readiness accepted an administrative role or ownership
=== RUN   TestPostgresSQLIntegration/administrative_roles_reject_readiness/REPLICATION/memory_app
    sql_integration_test.go:82: live readiness accepted an administrative role or ownership
=== RUN   TestPostgresSQLIntegration/administrative_roles_reject_readiness/REPLICATION/memory_inherited
    sql_integration_test.go:82: live readiness accepted an administrative role or ownership
=== RUN   TestPostgresSQLIntegration/predefined_server_roles_reject_readiness
=== RUN   TestPostgresSQLIntegration/predefined_server_roles_reject_readiness/pg_read_server_files
    sql_integration_test.go:98: live readiness accepted an administrative role or ownership
=== RUN   TestPostgresSQLIntegration/predefined_server_roles_reject_readiness/pg_write_server_files
    sql_integration_test.go:98: live readiness accepted an administrative role or ownership
=== RUN   TestPostgresSQLIntegration/predefined_server_roles_reject_readiness/pg_execute_server_program
    sql_integration_test.go:98: live readiness accepted an administrative role or ownership
=== RUN   TestPostgresSQLIntegration/predefined_server_roles_reject_readiness/pg_monitor
    sql_integration_test.go:98: live readiness accepted an administrative role or ownership
=== RUN   TestPostgresSQLIntegration/predefined_server_roles_reject_readiness/pg_read_all_data
    sql_integration_test.go:98: live readiness accepted an administrative role or ownership
=== RUN   TestPostgresSQLIntegration/predefined_server_roles_reject_readiness/pg_write_all_data
    sql_integration_test.go:98: live readiness accepted an administrative role or ownership
=== RUN   TestPostgresSQLIntegration/schema_and_database_owners_reject_readiness
=== RUN   TestPostgresSQLIntegration/schema_and_database_owners_reject_readiness/schema/memory_app
    sql_integration_test.go:132: live readiness accepted an administrative role or ownership
=== RUN   TestPostgresSQLIntegration/schema_and_database_owners_reject_readiness/database/memory_app
    sql_integration_test.go:132: live readiness accepted an administrative role or ownership
=== RUN   TestPostgresSQLIntegration/schema_and_database_owners_reject_readiness/schema/memory_inherited
    sql_integration_test.go:132: live readiness accepted an administrative role or ownership
=== RUN   TestPostgresSQLIntegration/schema_and_database_owners_reject_readiness/database/memory_inherited
    sql_integration_test.go:132: live readiness accepted an administrative role or ownership
--- FAIL: TestPostgresSQLIntegration (7.18s)
    --- FAIL: TestPostgresSQLIntegration/administrative_roles_reject_readiness (3.16s)
        --- PASS: TestPostgresSQLIntegration/administrative_roles_reject_readiness/SUPERUSER/memory_app (0.25s)
        --- FAIL: TestPostgresSQLIntegration/administrative_roles_reject_readiness/SUPERUSER/memory_inherited (0.40s)
        --- PASS: TestPostgresSQLIntegration/administrative_roles_reject_readiness/BYPASSRLS/memory_app (0.25s)
        --- FAIL: TestPostgresSQLIntegration/administrative_roles_reject_readiness/BYPASSRLS/memory_inherited (0.40s)
        --- PASS: TestPostgresSQLIntegration/administrative_roles_reject_readiness/CREATEROLE/memory_app (0.26s)
        --- FAIL: TestPostgresSQLIntegration/administrative_roles_reject_readiness/CREATEROLE/memory_inherited (0.33s)
        --- PASS: TestPostgresSQLIntegration/administrative_roles_reject_readiness/CREATEDB/memory_app (0.23s)
        --- FAIL: TestPostgresSQLIntegration/administrative_roles_reject_readiness/CREATEDB/memory_inherited (0.40s)
        --- FAIL: TestPostgresSQLIntegration/administrative_roles_reject_readiness/REPLICATION/memory_app (0.26s)
        --- FAIL: TestPostgresSQLIntegration/administrative_roles_reject_readiness/REPLICATION/memory_inherited (0.40s)
    --- FAIL: TestPostgresSQLIntegration/predefined_server_roles_reject_readiness (1.51s)
        --- FAIL: TestPostgresSQLIntegration/predefined_server_roles_reject_readiness/pg_read_server_files (0.25s)
        --- FAIL: TestPostgresSQLIntegration/predefined_server_roles_reject_readiness/pg_write_server_files (0.26s)
        --- FAIL: TestPostgresSQLIntegration/predefined_server_roles_reject_readiness/pg_execute_server_program (0.25s)
        --- FAIL: TestPostgresSQLIntegration/predefined_server_roles_reject_readiness/pg_monitor (0.26s)
        --- FAIL: TestPostgresSQLIntegration/predefined_server_roles_reject_readiness/pg_read_all_data (0.25s)
        --- FAIL: TestPostgresSQLIntegration/predefined_server_roles_reject_readiness/pg_write_all_data (0.25s)
    --- FAIL: TestPostgresSQLIntegration/schema_and_database_owners_reject_readiness (1.19s)
        --- FAIL: TestPostgresSQLIntegration/schema_and_database_owners_reject_readiness/schema/memory_app (0.25s)
        --- FAIL: TestPostgresSQLIntegration/schema_and_database_owners_reject_readiness/database/memory_app (0.26s)
        --- FAIL: TestPostgresSQLIntegration/schema_and_database_owners_reject_readiness/schema/memory_inherited (0.34s)
        --- FAIL: TestPostgresSQLIntegration/schema_and_database_owners_reject_readiness/database/memory_inherited (0.35s)
FAIL
FAIL	github.com/wunderforge/agenova/internal/memory/postgres	7.618s
FAIL
